program[1:1 - 26:16]
+-- stmtList@List<stmt>{26}[1:1 - 26:16]
|   +-- stmt[1:7 - 1:12]
|   |   +-- ta@item[1:7 - 1:10]
|   |   |   +-- id@String(one)[1:7 - 1:10]
|   |   +-- tb@sitem[1:11 - 1:12]
|   |   |   +-- n@String(2)[1:11 - 1:12]
|   +-- stmt[2:7 - 2:12]
|   |   +-- ta@item[2:7 - 2:12]
|   |   |   +-- id@String(three)[2:7 - 2:12]
|   +-- stmt[3:6 - 3:12]
|   |   +-- la@sitem[3:6 - 3:7]
|   |   |   +-- n@String(4)[3:6 - 3:7]
|   |   +-- lb@item[3:8 - 3:12]
|   |   |   +-- id@String(five)[3:8 - 3:12]
|   +-- stmt[4:6 - 4:9]
|   |   +-- lb@item[4:6 - 4:9]
|   |   |   +-- id@String(six)[4:6 - 4:9]
|   +-- stmt[5:6 - 5:9]
|   |   +-- ba@sitem[5:6 - 5:7]
|   |   |   +-- n@String(7)[5:6 - 5:7]
|   |   +-- bb@titem[5:8 - 5:9]
|   |   |   +-- st@String(*)[5:8 - 5:9]
|   +-- stmt[6:6 - 6:7]
|   |   +-- ba@sitem[6:6 - 6:7]
|   |   |   +-- n@String(8)[6:6 - 6:7]
|   +-- stmt[7:6 - 7:7]
|   |   +-- bb@titem[7:6 - 7:7]
|   |   |   +-- st@String(*)[7:6 - 7:7]
|   +-- stmt[0:0]
|   +-- stmt[9:5 - 9:19]
|   |   +-- ma@item[9:5 - 9:9]
|   |   |   +-- id@String(nine)[9:5 - 9:9]
|   |   +-- mb@sitem[9:10 - 9:12]
|   |   |   +-- n@String(10)[9:10 - 9:12]
|   |   +-- mc@item[9:13 - 9:19]
|   |   |   +-- id@String(eleven)[9:13 - 9:19]
|   +-- stmt[10:5 - 10:20]
|   |   +-- ma@item[10:5 - 10:11]
|   |   |   +-- id@String(twelve)[10:5 - 10:11]
|   |   +-- mc@item[10:12 - 10:20]
|   |   |   +-- id@String(thirteen)[10:12 - 10:20]
|   +-- stmt[11:6 - 11:19]
|   |   +-- ll@List<sitem>{2}[11:6 - 11:11]
|   |   |   +-- sitem[11:6 - 11:8]
|   |   |   |   +-- n@String(13)[11:6 - 11:8]
|   |   |   +-- sitem[11:9 - 11:11]
|   |   |   |   +-- n@String(14)[11:9 - 11:11]
|   |   +-- lx@item[11:12 - 11:19]
|   |   |   +-- id@String(fifteen)[11:12 - 11:19]
|   +-- stmt[12:6 - 12:13]
|   |   +-- ll@List<sitem>{0}[12:6 - 12:13]
|   |   +-- lx@item[12:6 - 12:13]
|   |   |   +-- id@String(sixteen)[12:6 - 12:13]
|   +-- stmt[13:6 - 13:11]
|   |   +-- pxs@List<titem>{3}[13:6 - 13:11]
|   |   |   +-- titem[13:6 - 13:7]
|   |   |   |   +-- st@String(*)[13:6 - 13:7]
|   |   |   +-- titem[13:8 - 13:9]
|   |   |   |   +-- st@String(*)[13:8 - 13:9]
|   |   |   +-- titem[13:10 - 13:11]
|   |   |   |   +-- st@String(*)[13:10 - 13:11]
|   +-- stmt[14:9 - 14:29]
|   |   +-- sxs@List<item>{3}[14:9 - 14:29]
|   |   |   +-- item[14:9 - 14:14]
|   |   |   |   +-- id@String(alpha)[14:9 - 14:14]
|   |   |   +-- item[14:17 - 14:21]
|   |   |   |   +-- id@String(beta)[14:17 - 14:21]
|   |   |   +-- item[14:24 - 14:29]
|   |   |   |   +-- id@String(gamma)[14:24 - 14:29]
|   +-- stmt[15:9 - 15:14]
|   |   +-- sxs@List<item>{1}[15:9 - 15:14]
|   |   |   +-- item[15:9 - 15:14]
|   |   |   |   +-- id@String(delta)[15:9 - 15:14]
|   +-- stmt[16:9 - 16:10]
|   |   +-- sxs@List<item>{0}[16:9 - 16:10]
|   +-- stmt[17:9 - 17:15]
|   |   +-- txs@List<sitem>{3}[17:9 - 17:15]
|   |   |   +-- sitem[17:9 - 17:10]
|   |   |   |   +-- n@String(1)[17:9 - 17:10]
|   |   |   +-- sitem[17:11 - 17:12]
|   |   |   |   +-- n@String(2)[17:11 - 17:12]
|   |   |   +-- sitem[17:13 - 17:14]
|   |   |   |   +-- n@String(3)[17:13 - 17:14]
|   +-- stmt[18:9 - 18:12]
|   |   +-- txs@List<sitem>{2}[18:9 - 18:12]
|   |   |   +-- sitem[18:9 - 18:10]
|   |   |   |   +-- n@String(4)[18:9 - 18:10]
|   |   |   +-- sitem[18:11 - 18:12]
|   |   |   |   +-- n@String(5)[18:11 - 18:12]
|   +-- stmt[19:7 - 19:29]
|   |   +-- mxs@List<item>{3}[19:7 - 19:29]
|   |   |   +-- item[19:7 - 19:10]
|   |   |   |   +-- id@String(eta)[19:7 - 19:10]
|   |   |   +-- item[19:15 - 19:20]
|   |   |   |   +-- id@String(theta)[19:15 - 19:20]
|   |   |   +-- item[19:25 - 19:29]
|   |   |   |   +-- id@String(iota)[19:25 - 19:29]
|   +-- stmt[20:6 - 20:10]
|   |   +-- fcX@String(x)[20:6 - 20:7]
|   |   +-- fcY@String(99)[20:8 - 20:10]
|   +-- stmt[21:8 - 21:14]
|   |   +-- x@String(foo)[21:8 - 21:11]
|   |   +-- y@String(42)[21:12 - 21:14]
|   +-- stmt[22:6 - 22:9]
|   |   +-- a@_EBNF_13[22:6 - 22:9]
|   |   |   +-- one@item[22:6 - 22:9]
|   |   |   |   +-- id@String(one)[22:6 - 22:9]
|   +-- stmt[23:6 - 23:13]
|   |   +-- a@_EBNF_13[23:6 - 23:13]
|   |   |   +-- first@sitem[23:6 - 23:7]
|   |   |   |   +-- n@String(2)[23:6 - 23:7]
|   |   |   +-- second@item[23:8 - 23:13]
|   |   |   |   +-- id@String(three)[23:8 - 23:13]
|   +-- stmt[24:7 - 24:8]
|   |   +-- q@_EBNF_14[24:7 - 24:8]
|   |   |   +-- t@titem[24:7 - 24:8]
|   |   |   |   +-- st@String(*)[24:7 - 24:8]
|   +-- stmt[25:7 - 25:8]
|   +-- stmt[26:7 - 26:14]
|   |   +-- v@_EBNF_16[26:7 - 26:14]
|   |   |   +-- s@String(hello)[26:7 - 26:14]
